16:07:01 load=5.92 7.64 7.92
16:08:02 load=6.02 7.47 7.85
16:09:02 load=5.70 7.12 7.71
16:10:02 load=6.65 7.17 7.69
16:11:02 load=7.44 7.57 7.81
16:12:02 load=6.94 7.47 7.76
16:13:03 load=7.38 7.51 7.76
16:14:03 load=7.42 7.56 7.77
16:15:03 load=7.03 7.46 7.72
16:16:03 load=7.52 7.60 7.76
16:17:03 load=5.00 6.93 7.52
16:18:03 load=2.72 5.91 7.13
16:19:03 load=4.12 5.65 6.96
16:20:03 load=6.33 6.04 7.01
16:21:03 load=7.47 6.47 7.11
16:22:04 load=6.75 6.46 7.06
16:23:04 load=3.66 5.69 6.76
16:24:04 load=1.97 4.84 6.40
16:25:04 load=1.15 4.08 6.04
16:26:04 load=0.81 3.44 5.70
16:27:04 load=0.75 2.95 5.39
16:28:04 load=0.65 2.53 5.09
16:29:04 load=0.80 2.27 4.84
16:30:04 load=0.94 2.03 4.60
16:31:04 load=0.90 1.81 4.36
16:32:04 load=0.75 1.60 4.12
16:33:04 load=0.55 1.39 3.89
16:34:04 load=0.84 1.30 3.70
16:35:05 load=0.58 1.14 3.49
16:36:05 load=0.53 1.03 3.31
16:37:05 load=0.46 0.92 3.12
16:38:05 load=1.27 1.07 3.04
16:39:05 load=1.56 1.19 2.95
16:40:05 load=1.17 1.14 2.82
16:41:05 load=0.62 0.99 2.67
16:42:05 load=0.68 0.93 2.54
16:43:05 load=1.14 1.02 2.47
16:44:05 load=1.09 1.02 2.37
16:45:05 load=1.33 1.08 2.31
16:46:05 load=0.77 0.97 2.19
16:47:06 load=0.48 0.85 2.07
16:48:06 load=0.58 0.82 1.98
16:49:06 load=0.71 0.79 1.90
16:50:06 load=0.86 0.82 1.83
16:51:06 load=0.90 0.84 1.77
16:52:06 load=0.55 0.74 1.68
16:53:06 load=0.43 0.67 1.59
16:54:06 load=0.66 0.68 1.54
16:55:06 load=0.68 0.69 1.49
16:56:06 load=0.73 0.72 1.44
16:57:06 load=0.78 0.75 1.41
16:58:06 load=0.54 0.69 1.35
16:59:06 load=0.52 0.65 1.29
17:00:06 load=1.19 0.80 1.30
17:01:07 load=0.82 0.78 1.26
17:02:07 load=0.60 0.73 1.21
17:03:07 load=0.73 0.77 1.19
17:04:07 load=0.82 0.78 1.17
17:05:07 load=1.04 0.85 1.17
17:06:07 load=1.01 0.88 1.16
17:07:07 load=0.71 0.82 1.12
17:08:07 load=0.87 0.83 1.10
17:09:07 load=3.64 1.54 1.32
17:10:08 load=6.48 2.69 1.73
17:11:08 load=7.85 3.86 2.20
17:12:08 load=7.44 4.45 2.51
17:13:08 load=6.52 4.74 2.73
17:14:08 load=6.66 5.17 3.01
17:15:08 load=4.83 4.98 3.09
17:16:08 load=3.67 4.68 3.11
17:17:09 load=2.81 4.34 3.09
17:18:09 load=1.48 3.66 2.93
17:19:09 load=1.21 3.20 2.82
17:20:09 load=2.34 3.10 2.81
17:21:09 load=5.78 3.94 3.12
17:22:09 load=7.97 4.95 3.52
17:23:09 load=6.47 5.09 3.66
17:24:10 load=5.20 4.98 3.71
17:25:10 load=6.08 5.27 3.89
17:26:10 load=6.17 5.50 4.06
17:27:10 load=5.64 5.49 4.15
17:28:10 load=7.23 5.93 4.38
17:29:11 load=7.64 6.28 4.59
17:30:11 load=9.72 7.12 4.99
17:31:11 load=10.63 7.78 5.35
17:32:11 load=8.92 7.77 5.50
17:33:12 load=9.47 8.21 5.79
17:34:12 load=8.29 8.10 5.91
17:35:12 load=5.96 7.48 5.83
17:36:12 load=6.52 7.45 5.93
17:37:12 load=7.21 7.55 6.07
17:38:13 load=6.13 7.17 6.03
17:39:13 load=5.58 6.89 6.01
17:40:13 load=5.80 6.73 6.01
17:41:13 load=5.00 6.34 5.92
17:42:13 load=5.42 6.24 5.91
17:43:13 load=3.45 5.59 5.71
17:44:13 load=1.49 4.63 5.37
17:45:13 load=0.91 3.89 5.07
17:46:13 load=0.69 3.27 4.78
17:47:14 load=0.59 2.76 4.51
17:48:14 load=0.60 2.35 4.25
17:49:14 load=0.60 2.03 4.02
17:50:14 load=0.47 1.72 3.79
17:51:14 load=0.77 1.57 3.61
17:52:14 load=1.26 1.53 3.45
17:53:14 load=0.80 1.33 3.26
17:54:14 load=1.19 1.31 3.13
17:55:14 load=0.91 1.19 2.97
17:56:14 load=0.92 1.14 2.84
17:57:14 load=0.84 1.06 2.70
17:58:14 load=0.68 0.97 2.56
17:59:14 load=0.69 0.90 2.44
18:00:14 load=1.18 0.96 2.36
18:01:15 load=3.45 1.64 2.51
18:02:15 load=3.06 1.97 2.57
18:03:15 load=1.76 1.77 2.46
18:04:15 load=0.98 1.52 2.33
18:05:15 load=0.80 1.35 2.22
18:06:15 load=0.83 1.26 2.13
18:07:15 load=0.84 1.17 2.04
18:08:15 load=0.80 1.08 1.95
18:09:15 load=1.05 1.08 1.90
18:10:15 load=0.74 0.96 1.80
18:11:16 load=0.78 0.94 1.74
18:12:16 load=1.22 1.02 1.71
18:13:16 load=1.03 0.99 1.66
18:14:16 load=1.00 0.98 1.61
18:15:16 load=0.85 0.92 1.55
18:16:16 load=0.74 0.88 1.49
18:17:16 load=0.85 0.87 1.45
18:18:16 load=0.83 0.85 1.41
18:19:16 load=0.75 0.82 1.36
18:20:16 load=1.18 0.92 1.36
18:21:16 load=3.81 1.69 1.59
18:22:17 load=5.55 2.53 1.89
18:23:17 load=6.77 3.32 2.19
18:24:17 load=4.08 3.27 2.25
18:25:17 load=1.98 2.79 2.15
18:26:17 load=3.74 3.09 2.29
18:27:17 load=7.51 4.31 2.76
18:28:17 load=10.59 5.78 3.37
18:29:18 load=10.61 6.67 3.82
18:30:18 load=10.32 7.29 4.22
18:31:18 load=9.76 7.65 4.54
18:32:18 load=9.79 8.00 4.85
18:33:18 load=14.22 9.56 5.58
18:34:19 load=22.54 12.83 6.96
18:35:19 load=15.74 12.72 7.30
18:36:19 load=11.73 12.16 7.44
18:37:19 load=10.97 11.81 7.64
18:38:20 load=9.60 11.28 7.72
18:39:20 load=9.68 10.97 7.83
18:40:20 load=10.33 10.97 8.04
18:41:20 load=10.28 10.80 8.16
18:42:20 load=10.63 10.78 8.32
18:43:20 load=9.66 10.50 8.38
18:44:21 load=9.39 10.28 8.44
18:45:21 load=10.40 10.43 8.60
18:46:21 load=9.55 10.17 8.63
18:47:21 load=11.00 10.51 8.85
18:48:21 load=11.03 10.64 9.00
18:49:22 load=10.86 10.66 9.11
18:50:22 load=10.59 10.61 9.19
18:51:22 load=11.93 10.98 9.41
18:52:22 load=10.27 10.67 9.40
18:53:22 load=10.16 10.54 9.43
18:54:22 load=9.30 10.21 9.39
18:55:23 load=9.10 9.96 9.35
18:56:23 load=9.15 9.91 9.38
18:57:23 load=9.07 9.73 9.35
18:58:23 load=8.86 9.54 9.31
18:59:23 load=9.43 9.60 9.35
19:00:23 load=10.46 9.85 9.44
19:01:24 load=11.01 10.13 9.57
19:02:24 load=10.22 10.04 9.57
19:03:24 load=11.19 10.29 9.68
19:04:24 load=11.98 10.62 9.83
19:05:24 load=12.60 11.00 10.01
19:06:25 load=12.69 11.21 10.14
19:07:25 load=10.30 10.80 10.06
19:08:25 load=9.81 10.54 10.02
19:09:25 load=9.21 10.23 9.95
19:10:25 load=10.29 10.37 10.02
19:11:25 load=9.84 10.17 9.96
19:12:26 load=10.57 10.32 10.03
19:13:26 load=10.80 10.46 10.10
19:14:26 load=10.22 10.33 10.07
19:15:26 load=10.32 10.27 10.07
19:16:26 load=9.93 10.16 10.04
19:17:26 load=10.53 10.20 10.06
19:18:27 load=10.12 10.16 10.05
19:19:27 load=8.81 9.77 9.92
19:20:27 load=10.20 9.87 9.94
19:21:27 load=11.22 10.18 10.04
19:22:27 load=10.07 10.02 10.00
19:23:27 load=9.98 9.98 9.98
19:24:27 load=8.69 9.58 9.84
19:25:28 load=8.77 9.42 9.77
19:26:28 load=9.19 9.42 9.75
19:27:28 load=8.90 9.22 9.65
19:28:28 load=9.53 9.40 9.69
19:29:28 load=10.32 9.65 9.76
19:30:28 load=9.29 9.46 9.68
19:31:28 load=9.43 9.50 9.69
19:32:29 load=9.11 9.40 9.64
19:33:29 load=17.29 11.51 10.34
19:34:29 load=16.34 12.45 10.75
19:35:29 load=12.07 11.88 10.66
19:36:30 load=9.97 11.36 10.56
19:37:30 load=9.75 11.01 10.49
19:38:30 load=9.18 10.63 10.39
19:39:30 load=8.48 10.21 10.26
19:40:30 load=8.90 10.00 10.18
19:41:30 load=9.79 9.96 10.15
19:42:30 load=9.99 9.86 10.10
19:43:30 load=10.64 10.07 10.16
19:44:31 load=11.12 10.33 10.24
19:45:31 load=10.53 10.31 10.25
19:46:31 load=9.77 10.11 10.18
19:47:31 load=9.59 10.01 10.14
19:48:31 load=9.74 9.94 10.11
19:49:31 load=10.63 10.09 10.15
19:50:31 load=10.23 10.06 10.13
19:51:31 load=9.52 9.90 10.07
19:52:31 load=9.15 9.75 10.01
19:53:32 load=9.73 9.75 9.99
19:54:32 load=9.36 9.63 9.93
19:55:32 load=9.06 9.46 9.85
19:56:32 load=8.99 9.35 9.79
19:57:32 load=8.52 9.13 9.68
19:58:32 load=8.43 8.98 9.60
19:59:32 load=8.99 9.03 9.58
20:00:32 load=12.75 9.94 9.84
20:01:33 load=12.82 10.54 10.06
20:02:33 load=10.00 10.22 9.99
20:03:33 load=7.42 9.40 9.72
20:04:33 load=9.80 9.65 9.78
20:05:34 load=17.63 11.78 10.50
20:06:34 load=19.41 13.47 11.17
20:07:34 load=12.27 12.49 10.97
20:08:34 load=8.76 11.39 10.69
20:09:34 load=7.62 10.57 10.45
20:10:34 load=6.03 9.62 10.13
20:11:35 load=6.80 9.14 9.93
20:12:35 load=6.85 8.71 9.73
20:13:35 load=6.31 8.25 9.51
20:14:35 load=5.71 7.69 9.24
20:15:35 load=5.46 7.24 8.98
20:16:35 load=10.72 8.16 9.17
20:17:36 load=9.99 8.45 9.21
20:18:36 load=7.47 7.97 8.99
20:19:36 load=8.05 7.97 8.92
20:20:36 load=8.71 8.17 8.93
20:21:36 load=10.51 8.87 9.13
20:22:36 load=9.33 8.84 9.10
20:23:37 load=7.02 8.27 8.89
20:24:37 load=7.79 8.27 8.85
20:25:37 load=7.18 7.98 8.71
20:26:37 load=7.46 7.86 8.62
20:27:37 load=7.06 7.64 8.50
20:28:37 load=6.03 7.23 8.30
20:29:37 load=5.39 6.85 8.10
20:30:38 load=8.96 7.49 8.24
20:31:38 load=6.56 7.07 8.04
20:32:38 load=6.60 6.97 7.95
20:33:38 load=7.81 7.26 7.99
20:34:38 load=11.65 8.32 8.30
20:35:39 load=14.43 9.61 8.74
20:36:39 load=19.20 11.74 9.52
20:37:39 load=21.11 13.69 10.33
20:38:40 load=24.22 15.95 11.32
20:39:41 load=27.06 18.40 12.46
20:40:41 load=26.63 20.00 13.42
20:41:41 load=16.39 18.30 13.25
20:42:42 load=16.04 18.02 13.48
20:43:42 load=21.62 19.22 14.18
20:44:43 load=24.24 20.37 14.89
20:45:43 load=28.87 22.58 16.00
20:46:44 load=25.25 22.81 16.50
20:47:44 load=25.60 23.37 17.09
20:48:45 load=22.25 22.79 17.29
20:49:45 load=13.59 20.25 16.76
20:50:45 load=10.15 17.95 16.18
20:51:45 load=7.67 15.88 15.58
20:52:45 load=6.99 14.17 15.01
20:53:46 load=6.34 12.68 14.44
20:54:46 load=6.42 11.64 13.98
20:55:46 load=7.60 11.09 13.64
20:56:46 load=9.27 10.97 13.43
20:57:46 load=8.56 10.44 13.10
20:58:47 load=7.14 9.78 12.70
20:59:47 load=7.29 9.36 12.38
21:00:47 load=8.66 9.33 12.18
21:01:47 load=8.57 9.28 11.98
21:02:47 load=7.14 8.81 11.66
21:03:47 load=6.80 8.49 11.37
21:04:47 load=6.50 8.11 11.06
21:05:47 load=7.04 8.01 10.84
21:06:48 load=6.46 7.72 10.57
21:07:48 load=7.45 7.86 10.44
21:08:48 load=6.45 7.57 10.18
21:09:48 load=7.78 7.76 10.08
21:10:48 load=6.89 7.57 9.87
21:11:48 load=5.79 7.18 9.60
21:12:48 load=7.65 7.39 9.52
21:13:48 load=7.67 7.47 9.41
21:14:49 load=7.16 7.37 9.25
21:15:49 load=9.76 8.10 9.39
21:16:49 load=7.48 7.82 9.22
21:17:49 load=6.55 7.50 9.02
21:18:49 load=7.10 7.54 8.94
21:19:49 load=7.44 7.54 8.85
21:20:49 load=10.39 8.40 9.07
21:21:50 load=10.20 8.78 9.16
21:22:50 load=10.05 9.03 9.22
21:23:50 load=8.93 8.86 9.15
21:24:50 load=12.29 9.79 9.45
21:25:51 load=13.08 10.45 9.70
21:26:51 load=16.30 12.02 10.29
21:27:51 load=16.29 12.83 10.68
21:28:52 load=17.80 13.81 11.16
21:29:52 load=16.36 14.31 11.51
21:30:52 load=11.17 13.36 11.37
21:31:52 load=10.23 12.67 11.26
21:32:53 load=14.83 13.62 11.67
21:33:53 load=21.96 15.88 12.57
21:34:53 load=24.59 17.53 13.34
21:35:54 load=28.94 20.04 14.46
21:36:54 load=26.94 21.01 15.14
21:37:54 load=25.07 21.60 15.72
21:38:55 load=23.39 21.82 16.17
21:39:55 load=15.31 19.84 15.84
21:40:55 load=10.50 17.69 15.36
21:41:55 load=8.88 15.98 14.92
21:42:55 load=6.20 13.96 14.29
21:43:55 load=6.53 12.60 13.80
21:44:55 load=6.75 11.63 13.39
21:45:56 load=6.39 10.74 12.98
21:46:56 load=10.99 11.22 13.00
21:47:56 load=8.82 10.59 12.67
21:48:56 load=7.20 9.88 12.30
21:49:56 load=5.46 8.97 11.84
21:50:56 load=5.11 8.24 11.41
21:51:57 load=6.44 8.03 11.14
21:52:57 load=6.72 7.88 10.88
21:53:57 load=6.84 7.78 10.66
21:54:57 load=6.29 7.51 10.38
21:55:57 load=6.03 7.26 10.12
21:56:57 load=2.43 6.01 9.51
21:57:57 load=1.24 5.03 8.95
21:58:57 load=1.02 4.29 8.45
21:59:57 load=0.76 3.61 7.96
22:00:57 load=1.09 3.23 7.55
22:01:57 load=1.08 2.89 7.17
22:02:57 load=0.68 2.45 6.75
22:03:58 load=0.71 2.15 6.37
22:04:58 load=0.62 1.87 6.01
22:05:58 load=0.62 1.65 5.67
22:06:58 load=0.84 1.53 5.38
22:07:58 load=0.70 1.38 5.09
22:08:58 load=0.95 1.32 4.83
22:09:58 load=0.66 1.18 4.56
22:10:58 load=0.48 1.05 4.31
22:11:58 load=0.66 1.00 4.08
22:12:58 load=1.78 1.24 3.97
22:13:58 load=1.09 1.15 3.77
22:14:58 load=1.10 1.15 3.60
22:15:58 load=2.80 1.71 3.64
22:16:59 load=8.59 3.51 4.14
22:17:59 load=12.08 5.36 4.73
22:18:59 load=11.15 6.42 5.14
22:19:59 load=12.72 7.72 5.67
22:21:00 load=15.28 9.34 6.36
22:22:00 load=16.28 10.66 7.00
22:23:00 load=15.33 11.43 7.49
22:24:00 load=10.85 10.94 7.58
22:25:00 load=7.94 10.13 7.51
22:26:01 load=5.70 9.24 7.38
22:27:01 load=3.27 7.91 7.04
22:28:01 load=4.81 7.45 6.93
22:29:01 load=8.56 8.09 7.18
22:30:01 load=11.27 9.01 7.56
22:31:02 load=12.68 10.06 8.03
22:32:02 load=11.45 10.29 8.24
22:33:02 load=11.39 10.63 8.50
