16:07:01 load=5.92 7.64 7.92
16:08:02 load=6.02 7.47 7.85
16:09:02 load=5.70 7.12 7.71
16:10:02 load=6.65 7.17 7.69
16:11:02 load=7.44 7.57 7.81
16:12:02 load=6.94 7.47 7.76
16:13:03 load=7.38 7.51 7.76
16:14:03 load=7.42 7.56 7.77
16:15:03 load=7.03 7.46 7.72
16:16:03 load=7.52 7.60 7.76
16:17:03 load=5.00 6.93 7.52
16:18:03 load=2.72 5.91 7.13
16:19:03 load=4.12 5.65 6.96
16:20:03 load=6.33 6.04 7.01
16:21:03 load=7.47 6.47 7.11
16:22:04 load=6.75 6.46 7.06
16:23:04 load=3.66 5.69 6.76
16:24:04 load=1.97 4.84 6.40
16:25:04 load=1.15 4.08 6.04
16:26:04 load=0.81 3.44 5.70
16:27:04 load=0.75 2.95 5.39
16:28:04 load=0.65 2.53 5.09
16:29:04 load=0.80 2.27 4.84
16:30:04 load=0.94 2.03 4.60
16:31:04 load=0.90 1.81 4.36
16:32:04 load=0.75 1.60 4.12
16:33:04 load=0.55 1.39 3.89
16:34:04 load=0.84 1.30 3.70
16:35:05 load=0.58 1.14 3.49
16:36:05 load=0.53 1.03 3.31
16:37:05 load=0.46 0.92 3.12
16:38:05 load=1.27 1.07 3.04
16:39:05 load=1.56 1.19 2.95
16:40:05 load=1.17 1.14 2.82
16:41:05 load=0.62 0.99 2.67
16:42:05 load=0.68 0.93 2.54
16:43:05 load=1.14 1.02 2.47
16:44:05 load=1.09 1.02 2.37
16:45:05 load=1.33 1.08 2.31
16:46:05 load=0.77 0.97 2.19
16:47:06 load=0.48 0.85 2.07
16:48:06 load=0.58 0.82 1.98
16:49:06 load=0.71 0.79 1.90
16:50:06 load=0.86 0.82 1.83
16:51:06 load=0.90 0.84 1.77
16:52:06 load=0.55 0.74 1.68
16:53:06 load=0.43 0.67 1.59
16:54:06 load=0.66 0.68 1.54
16:55:06 load=0.68 0.69 1.49
16:56:06 load=0.73 0.72 1.44
16:57:06 load=0.78 0.75 1.41
16:58:06 load=0.54 0.69 1.35
16:59:06 load=0.52 0.65 1.29
17:00:06 load=1.19 0.80 1.30
17:01:07 load=0.82 0.78 1.26
17:02:07 load=0.60 0.73 1.21
17:03:07 load=0.73 0.77 1.19
17:04:07 load=0.82 0.78 1.17
17:05:07 load=1.04 0.85 1.17
17:06:07 load=1.01 0.88 1.16
17:07:07 load=0.71 0.82 1.12
17:08:07 load=0.87 0.83 1.10
17:09:07 load=3.64 1.54 1.32
17:10:08 load=6.48 2.69 1.73
17:11:08 load=7.85 3.86 2.20
17:12:08 load=7.44 4.45 2.51
17:13:08 load=6.52 4.74 2.73
17:14:08 load=6.66 5.17 3.01
17:15:08 load=4.83 4.98 3.09
17:16:08 load=3.67 4.68 3.11
17:17:09 load=2.81 4.34 3.09
17:18:09 load=1.48 3.66 2.93
17:19:09 load=1.21 3.20 2.82
17:20:09 load=2.34 3.10 2.81
17:21:09 load=5.78 3.94 3.12
17:22:09 load=7.97 4.95 3.52
17:23:09 load=6.47 5.09 3.66
17:24:10 load=5.20 4.98 3.71
17:25:10 load=6.08 5.27 3.89
17:26:10 load=6.17 5.50 4.06
17:27:10 load=5.64 5.49 4.15
17:28:10 load=7.23 5.93 4.38
17:29:11 load=7.64 6.28 4.59
17:30:11 load=9.72 7.12 4.99
17:31:11 load=10.63 7.78 5.35
17:32:11 load=8.92 7.77 5.50
17:33:12 load=9.47 8.21 5.79
17:34:12 load=8.29 8.10 5.91
17:35:12 load=5.96 7.48 5.83
17:36:12 load=6.52 7.45 5.93
17:37:12 load=7.21 7.55 6.07
17:38:13 load=6.13 7.17 6.03
17:39:13 load=5.58 6.89 6.01
17:40:13 load=5.80 6.73 6.01
17:41:13 load=5.00 6.34 5.92
17:42:13 load=5.42 6.24 5.91
17:43:13 load=3.45 5.59 5.71
17:44:13 load=1.49 4.63 5.37
17:45:13 load=0.91 3.89 5.07
17:46:13 load=0.69 3.27 4.78
17:47:14 load=0.59 2.76 4.51
17:48:14 load=0.60 2.35 4.25
17:49:14 load=0.60 2.03 4.02
17:50:14 load=0.47 1.72 3.79
17:51:14 load=0.77 1.57 3.61
17:52:14 load=1.26 1.53 3.45
17:53:14 load=0.80 1.33 3.26
17:54:14 load=1.19 1.31 3.13
17:55:14 load=0.91 1.19 2.97
17:56:14 load=0.92 1.14 2.84
17:57:14 load=0.84 1.06 2.70
17:58:14 load=0.68 0.97 2.56
17:59:14 load=0.69 0.90 2.44
18:00:14 load=1.18 0.96 2.36
18:01:15 load=3.45 1.64 2.51
18:02:15 load=3.06 1.97 2.57
18:03:15 load=1.76 1.77 2.46
18:04:15 load=0.98 1.52 2.33
18:05:15 load=0.80 1.35 2.22
18:06:15 load=0.83 1.26 2.13
18:07:15 load=0.84 1.17 2.04
18:08:15 load=0.80 1.08 1.95
18:09:15 load=1.05 1.08 1.90
18:10:15 load=0.74 0.96 1.80
18:11:16 load=0.78 0.94 1.74
18:12:16 load=1.22 1.02 1.71
18:13:16 load=1.03 0.99 1.66
18:14:16 load=1.00 0.98 1.61
18:15:16 load=0.85 0.92 1.55
18:16:16 load=0.74 0.88 1.49
18:17:16 load=0.85 0.87 1.45
18:18:16 load=0.83 0.85 1.41
18:19:16 load=0.75 0.82 1.36
18:20:16 load=1.18 0.92 1.36
18:21:16 load=3.81 1.69 1.59
